../Core/Src/main.c:67:6:HAL_TIM_PeriodElapsedCallback	16	static
../Core/Src/main.c:92:5:handleString	16	static
../Core/Src/main.c:97:6:buffer_clear	16	static
../Core/Src/main.c:103:6:init_buffer	16	static
../Core/Src/main.c:108:6:command_parser_fsm	8	static
../Core/Src/main.c:152:6:uart_communication_fsm	8	static
../Core/Src/main.c:170:6:HAL_UART_RxCpltCallback	16	static
../Core/Src/main.c:182:5:main	8	static
../Core/Src/main.c:246:6:SystemClock_Config	88	static
../Core/Src/main.c:290:13:MX_ADC1_Init	24	static
../Core/Src/main.c:337:13:MX_TIM2_Init	32	static
../Core/Src/main.c:382:13:MX_USART1_UART_Init	8	static
../Core/Src/main.c:415:13:MX_GPIO_Init	32	static
../Core/Src/main.c:446:6:Error_Handler	4	static,ignoring_inline_asm
